Punto 2.2 - ceros impares O unos múltiplo de 3
Ejecución iniciada: 2026-09-27 19:00:22

==============================================================================
1. Definición formal
==============================================================================
M = (Q, Σ, δ, q0, F)      [p22_arithmetic_properties]
Q  = {q0, q1, q2, q3, q4, q5, q6}
Σ  = {0, 1}
q0 = q0
F  = {q2, q6}
δ  (los pares no listados equivalen a ∅):
   δ(q0, ε) = {q1, q3}
   δ(q1, 0) = {q2}
   δ(q1, 1) = {q1}
   δ(q2, 0) = {q1}
   δ(q2, 1) = {q2}
   δ(q3, 0) = {q3}
   δ(q3, 1) = {q4}
   δ(q4, 0) = {q4}
   δ(q4, 1) = {q5}
   δ(q5, 0) = {q5}
   δ(q5, 1) = {q6}
   δ(q6, 0) = {q6}
   δ(q6, 1) = {q4}

==============================================================================
2. Matriz de transición extendida (→ inicial, * finales)
==============================================================================
| δ   | 0    | 1    | ε        | ε-cierre     |
|-----|------|------|----------|--------------|
| →q0 | ∅    | ∅    | {q1, q3} | {q0, q1, q3} |
| q1  | {q2} | {q1} | ∅        | {q1}         |
| *q2 | {q1} | {q2} | ∅        | {q2}         |
| q3  | {q3} | {q4} | ∅        | {q3}         |
| q4  | {q4} | {q5} | ∅        | {q4}         |
| q5  | {q5} | {q6} | ∅        | {q5}         |
| *q6 | {q6} | {q4} | ∅        | {q6}         |

==============================================================================
3. Diagrama
==============================================================================
escrito: C:\Users\patin\Desktop\Ingenieria en sistemas\2026-2\Lenguajes\taller 1\codigos\Punto_2\Lenguajes-Punto-2\point_2\p22_arithmetic_properties\evidence\p22_diagram.dot
Graphviz ('dot') no encontrado: renderice el .dot con 'dot -Tpng archivo.dot -o archivo.png'.

==============================================================================
4. Trazas δ*
==============================================================================

--- PALABRA VÁLIDA: 101 ----------------------------------------
Palabra: 101   (longitud 3)

| pos | leído | restante | activos antes | después de δ | después de ε-cierre |
|-----|-------|----------|---------------|--------------|---------------------|
| 0   | -     | 101      | -             | {q0}         | {q0, q1, q3}        |
| 1   | 1     | 01       | {q0, q1, q3}  | {q1, q4}     | {q1, q4}            |
| 2   | 0     | 1        | {q1, q4}      | {q2, q4}     | {q2, q4}            |
| 3   | 1     | λ        | {q2, q4}      | {q2, q5}     | {q2, q5}            |

Cadena δ*:
δ*(q0, λ) = ECLOSE({q0}) = {q0, q1, q3}
δ*(q0, 1) = ECLOSE(δ({q0, q1, q3}, 1)) = ECLOSE({q1, q4}) = {q1, q4}
δ*(q0, 10) = ECLOSE(δ({q1, q4}, 0)) = ECLOSE({q2, q4}) = {q2, q4}
δ*(q0, 101) = ECLOSE(δ({q2, q4}, 1)) = ECLOSE({q2, q5}) = {q2, q5}

ACEPTADA: δ*(q0, w) = {q2, q5} contiene el/los estado(s) final(es) {q2}

--- PALABRA VÁLIDA: 111 ----------------------------------------
Palabra: 111   (longitud 3)

| pos | leído | restante | activos antes | después de δ | después de ε-cierre |
|-----|-------|----------|---------------|--------------|---------------------|
| 0   | -     | 111      | -             | {q0}         | {q0, q1, q3}        |
| 1   | 1     | 11       | {q0, q1, q3}  | {q1, q4}     | {q1, q4}            |
| 2   | 1     | 1        | {q1, q4}      | {q1, q5}     | {q1, q5}            |
| 3   | 1     | λ        | {q1, q5}      | {q1, q6}     | {q1, q6}            |

Cadena δ*:
δ*(q0, λ) = ECLOSE({q0}) = {q0, q1, q3}
δ*(q0, 1) = ECLOSE(δ({q0, q1, q3}, 1)) = ECLOSE({q1, q4}) = {q1, q4}
δ*(q0, 11) = ECLOSE(δ({q1, q4}, 1)) = ECLOSE({q1, q5}) = {q1, q5}
δ*(q0, 111) = ECLOSE(δ({q1, q5}, 1)) = ECLOSE({q1, q6}) = {q1, q6}

ACEPTADA: δ*(q0, w) = {q1, q6} contiene el/los estado(s) final(es) {q6}

--- PALABRA VÁLIDA: 0111 ----------------------------------------
Palabra: 0111   (longitud 4)

| pos | leído | restante | activos antes | después de δ | después de ε-cierre |
|-----|-------|----------|---------------|--------------|---------------------|
| 0   | -     | 0111     | -             | {q0}         | {q0, q1, q3}        |
| 1   | 0     | 111      | {q0, q1, q3}  | {q2, q3}     | {q2, q3}            |
| 2   | 1     | 11       | {q2, q3}      | {q2, q4}     | {q2, q4}            |
| 3   | 1     | 1        | {q2, q4}      | {q2, q5}     | {q2, q5}            |
| 4   | 1     | λ        | {q2, q5}      | {q2, q6}     | {q2, q6}            |

Cadena δ*:
δ*(q0, λ) = ECLOSE({q0}) = {q0, q1, q3}
δ*(q0, 0) = ECLOSE(δ({q0, q1, q3}, 0)) = ECLOSE({q2, q3}) = {q2, q3}
δ*(q0, 01) = ECLOSE(δ({q2, q3}, 1)) = ECLOSE({q2, q4}) = {q2, q4}
δ*(q0, 011) = ECLOSE(δ({q2, q4}, 1)) = ECLOSE({q2, q5}) = {q2, q5}
δ*(q0, 0111) = ECLOSE(δ({q2, q5}, 1)) = ECLOSE({q2, q6}) = {q2, q6}

ACEPTADA: δ*(q0, w) = {q2, q6} contiene el/los estado(s) final(es) {q2, q6}

--- PALABRA INVÁLIDA: 1111 ----------------------------------------
Palabra: 1111   (longitud 4)

| pos | leído | restante | activos antes | después de δ | después de ε-cierre |
|-----|-------|----------|---------------|--------------|---------------------|
| 0   | -     | 1111     | -             | {q0}         | {q0, q1, q3}        |
| 1   | 1     | 111      | {q0, q1, q3}  | {q1, q4}     | {q1, q4}            |
| 2   | 1     | 11       | {q1, q4}      | {q1, q5}     | {q1, q5}            |
| 3   | 1     | 1        | {q1, q5}      | {q1, q6}     | {q1, q6}            |
| 4   | 1     | λ        | {q1, q6}      | {q1, q4}     | {q1, q4}            |

Cadena δ*:
δ*(q0, λ) = ECLOSE({q0}) = {q0, q1, q3}
δ*(q0, 1) = ECLOSE(δ({q0, q1, q3}, 1)) = ECLOSE({q1, q4}) = {q1, q4}
δ*(q0, 11) = ECLOSE(δ({q1, q4}, 1)) = ECLOSE({q1, q5}) = {q1, q5}
δ*(q0, 111) = ECLOSE(δ({q1, q5}, 1)) = ECLOSE({q1, q6}) = {q1, q6}
δ*(q0, 1111) = ECLOSE(δ({q1, q6}, 1)) = ECLOSE({q1, q4}) = {q1, q4}

RECHAZADA: δ*(q0, w) = {q1, q4} no contiene ningún estado final (F = {q2, q6})

--- PALABRA INVÁLIDA: 0110 ----------------------------------------
Palabra: 0110   (longitud 4)

| pos | leído | restante | activos antes | después de δ | después de ε-cierre |
|-----|-------|----------|---------------|--------------|---------------------|
| 0   | -     | 0110     | -             | {q0}         | {q0, q1, q3}        |
| 1   | 0     | 110      | {q0, q1, q3}  | {q2, q3}     | {q2, q3}            |
| 2   | 1     | 10       | {q2, q3}      | {q2, q4}     | {q2, q4}            |
| 3   | 1     | 0        | {q2, q4}      | {q2, q5}     | {q2, q5}            |
| 4   | 0     | λ        | {q2, q5}      | {q1, q5}     | {q1, q5}            |

Cadena δ*:
δ*(q0, λ) = ECLOSE({q0}) = {q0, q1, q3}
δ*(q0, 0) = ECLOSE(δ({q0, q1, q3}, 0)) = ECLOSE({q2, q3}) = {q2, q3}
δ*(q0, 01) = ECLOSE(δ({q2, q3}, 1)) = ECLOSE({q2, q4}) = {q2, q4}
δ*(q0, 011) = ECLOSE(δ({q2, q4}, 1)) = ECLOSE({q2, q5}) = {q2, q5}
δ*(q0, 0110) = ECLOSE(δ({q2, q5}, 0)) = ECLOSE({q1, q5}) = {q1, q5}

RECHAZADA: δ*(q0, w) = {q1, q5} no contiene ningún estado final (F = {q2, q6})

Palabra adicional (no cuenta en el veredicto): 
Motivo: depende de si '0 unos' cuenta como múltiplo de 3; ver design.md

--- A CONFIRMAR: λ ----------------------------------------
Palabra: λ   (longitud 0)

| pos | leído | restante | activos antes | después de δ | después de ε-cierre |
|-----|-------|----------|---------------|--------------|---------------------|
| 0   | -     | λ        | -             | {q0}         | {q0, q1, q3}        |

Cadena δ*:
δ*(q0, λ) = ECLOSE({q0}) = {q0, q1, q3}

RECHAZADA: δ*(q0, w) = {q0, q1, q3} no contiene ningún estado final (F = {q2, q6})

Palabra adicional (no cuenta en el veredicto): 00
Motivo: depende de si '0 unos' cuenta como múltiplo de 3; ver design.md

--- A CONFIRMAR: 00 ----------------------------------------
Palabra: 00   (longitud 2)

| pos | leído | restante | activos antes | después de δ | después de ε-cierre |
|-----|-------|----------|---------------|--------------|---------------------|
| 0   | -     | 00       | -             | {q0}         | {q0, q1, q3}        |
| 1   | 0     | 0        | {q0, q1, q3}  | {q2, q3}     | {q2, q3}            |
| 2   | 0     | λ        | {q2, q3}      | {q1, q3}     | {q1, q3}            |

Cadena δ*:
δ*(q0, λ) = ECLOSE({q0}) = {q0, q1, q3}
δ*(q0, 0) = ECLOSE(δ({q0, q1, q3}, 0)) = ECLOSE({q2, q3}) = {q2, q3}
δ*(q0, 00) = ECLOSE(δ({q2, q3}, 0)) = ECLOSE({q1, q3}) = {q1, q3}

RECHAZADA: δ*(q0, w) = {q1, q3} no contiene ningún estado final (F = {q2, q6})

Palabra adicional (no cuenta en el veredicto): 0000
Motivo: depende de si '0 unos' cuenta como múltiplo de 3; ver design.md

--- A CONFIRMAR: 0000 ----------------------------------------
Palabra: 0000   (longitud 4)

| pos | leído | restante | activos antes | después de δ | después de ε-cierre |
|-----|-------|----------|---------------|--------------|---------------------|
| 0   | -     | 0000     | -             | {q0}         | {q0, q1, q3}        |
| 1   | 0     | 000      | {q0, q1, q3}  | {q2, q3}     | {q2, q3}            |
| 2   | 0     | 00       | {q2, q3}      | {q1, q3}     | {q1, q3}            |
| 3   | 0     | 0        | {q1, q3}      | {q2, q3}     | {q2, q3}            |
| 4   | 0     | λ        | {q2, q3}      | {q1, q3}     | {q1, q3}            |

Cadena δ*:
δ*(q0, λ) = ECLOSE({q0}) = {q0, q1, q3}
δ*(q0, 0) = ECLOSE(δ({q0, q1, q3}, 0)) = ECLOSE({q2, q3}) = {q2, q3}
δ*(q0, 00) = ECLOSE(δ({q2, q3}, 0)) = ECLOSE({q1, q3}) = {q1, q3}
δ*(q0, 000) = ECLOSE(δ({q1, q3}, 0)) = ECLOSE({q2, q3}) = {q2, q3}
δ*(q0, 0000) = ECLOSE(δ({q2, q3}, 0)) = ECLOSE({q1, q3}) = {q1, q3}

RECHAZADA: δ*(q0, w) = {q1, q3} no contiene ningún estado final (F = {q2, q6})

==============================================================================
Resultado
==============================================================================
TODAS LAS PALABRAS DIERON EL VEREDICTO ESPERADO
